{
  "version": "1.5.0",
  "plugins_used": [
    {
      "name": "ArtifactoryDetector"
    },
    {
      "name": "AWSKeyDetector"
    },
    {
      "name": "AzureStorageKeyDetector"
    },
    {
      "name": "Base64HighEntropyString",
      "limit": 4.5
    },
    {
      "name": "BasicAuthDetector"
    },
    {
      "name": "CloudantDetector"
    },
    {
      "name": "DiscordBotTokenDetector"
    },
    {
      "name": "GitHubTokenDetector"
    },
    {
      "name": "GitLabTokenDetector"
    },
    {
      "name": "HexHighEntropyString",
      "limit": 3.0
    },
    {
      "name": "IbmCloudIamDetector"
    },
    {
      "name": "IbmCosHmacDetector"
    },
    {
      "name": "IPPublicDetector"
    },
    {
      "name": "JwtTokenDetector"
    },
    {
      "name": "KeywordDetector",
      "keyword_exclude": ""
    },
    {
      "name": "MailchimpDetector"
    },
    {
      "name": "NpmDetector"
    },
    {
      "name": "OpenAIDetector"
    },
    {
      "name": "PrivateKeyDetector"
    },
    {
      "name": "PypiTokenDetector"
    },
    {
      "name": "SendGridDetector"
    },
    {
      "name": "SlackDetector"
    },
    {
      "name": "SoftlayerDetector"
    },
    {
      "name": "SquareOAuthDetector"
    },
    {
      "name": "StripeDetector"
    },
    {
      "name": "TelegramBotTokenDetector"
    },
    {
      "name": "TwilioKeyDetector"
    }
  ],
  "filters_used": [
    {
      "path": "detect_secrets.filters.allowlist.is_line_allowlisted"
    },
    {
      "path": "detect_secrets.filters.common.is_ignored_due_to_verification_policies",
      "min_level": 2
    },
    {
      "path": "detect_secrets.filters.heuristic.is_indirect_reference"
    },
    {
      "path": "detect_secrets.filters.heuristic.is_likely_id_string"
    },
    {
      "path": "detect_secrets.filters.heuristic.is_lock_file"
    },
    {
      "path": "detect_secrets.filters.heuristic.is_not_alphanumeric_string"
    },
    {
      "path": "detect_secrets.filters.heuristic.is_potential_uuid"
    },
    {
      "path": "detect_secrets.filters.heuristic.is_prefixed_with_dollar_sign"
    },
    {
      "path": "detect_secrets.filters.heuristic.is_sequential_string"
    },
    {
      "path": "detect_secrets.filters.heuristic.is_swagger_file"
    },
    {
      "path": "detect_secrets.filters.heuristic.is_templated_secret"
    },
    {
      "path": "detect_secrets.filters.regex.should_exclude_file",
      "pattern": [
        "\\.git/.*",
        "venv/.*",
        "node_modules/.*",
        "\\.terraform/.*"
      ]
    }
  ],
  "results": {
    "chat-api/backend/investment_research/docs/FOLLOWUP_AGENT_E2E_TESTING.md": [
      {
        "type": "Secret Keyword",
        "filename": "chat-api/backend/investment_research/docs/FOLLOWUP_AGENT_E2E_TESTING.md",
        "hashed_secret": "fe1bae27cb7c1fb823f496f286e78f1d2ae87734",
        "is_verified": false,
        "line_number": 442
      }
    ],
    "chat-api/backend/investment_research/report_generator.py": [
      {
        "type": "Secret Keyword",
        "filename": "chat-api/backend/investment_research/report_generator.py",
        "hashed_secret": "a8253456364f1bfc7da7ae4a1db5b45d106317a5",
        "is_verified": false,
        "line_number": 167
      }
    ],
    "chat-api/backend/lambda/investment_research/tests/test_jwt_auth.py": [
      {
        "type": "Secret Keyword",
        "filename": "chat-api/backend/lambda/investment_research/tests/test_jwt_auth.py",
        "hashed_secret": "54629ac7ae897b24d6255c99bf875d76d724a4ed",
        "is_verified": false,
        "line_number": 36
      }
    ],
    "chat-api/backend/tests/conftest.py": [
      {
        "type": "Secret Keyword",
        "filename": "chat-api/backend/tests/conftest.py",
        "hashed_secret": "6731834487e9dd32ec3df63994d996da1133dbb9",
        "is_verified": false,
        "line_number": 35
      }
    ],
    "chat-api/backend/tests/integration/test_api_token_limit.py": [
      {
        "type": "Secret Keyword",
        "filename": "chat-api/backend/tests/integration/test_api_token_limit.py",
        "hashed_secret": "29c32f233d04598b3181c0e27ea0ec7a5c949297",
        "is_verified": false,
        "line_number": 9
      }
    ],
    "chat-api/backend/tests/integration/test_research_flow.py": [
      {
        "type": "Secret Keyword",
        "filename": "chat-api/backend/tests/integration/test_research_flow.py",
        "hashed_secret": "dc724af18fbdd4e59189f5fe768a5f8311527050",
        "is_verified": false,
        "line_number": 40
      }
    ],
    "chat-api/backend/tests/test_api_endpoints.py": [
      {
        "type": "Secret Keyword",
        "filename": "chat-api/backend/tests/test_api_endpoints.py",
        "hashed_secret": "2cf775f47605ffdab0cbb07c0f4c80def6a190ad",
        "is_verified": false,
        "line_number": 7
      },
      {
        "type": "Secret Keyword",
        "filename": "chat-api/backend/tests/test_api_endpoints.py",
        "hashed_secret": "099696c60e7eb64daa7873b1e933b6a56cc85f34",
        "is_verified": false,
        "line_number": 39
      }
    ],
    "chat-api/backend/tests/test_investment_research_sections.py": [
      {
        "type": "Secret Keyword",
        "filename": "chat-api/backend/tests/test_investment_research_sections.py",
        "hashed_secret": "64f5667353b1de8440882280b88e4429fa061e50",
        "is_verified": false,
        "line_number": 38
      }
    ],
    "chat-api/backend/tests/unit/test_analysis_followup.py": [
      {
        "type": "Secret Keyword",
        "filename": "chat-api/backend/tests/unit/test_analysis_followup.py",
        "hashed_secret": "d4e0e04792fd434b5dc9c4155c178f66edcf4ed3",
        "is_verified": false,
        "line_number": 25
      },
      {
        "type": "Secret Keyword",
        "filename": "chat-api/backend/tests/unit/test_analysis_followup.py",
        "hashed_secret": "fe1bae27cb7c1fb823f496f286e78f1d2ae87734",
        "is_verified": false,
        "line_number": 40
      }
    ],
    "chat-api/backend/tests/unit/test_stripe_service.py": [
      {
        "type": "Secret Keyword",
        "filename": "chat-api/backend/tests/unit/test_stripe_service.py",
        "hashed_secret": "69815aa6708bbe4d08778aa5eda6ee480cbac100",
        "is_verified": false,
        "line_number": 46
      },
      {
        "type": "Secret Keyword",
        "filename": "chat-api/backend/tests/unit/test_stripe_service.py",
        "hashed_secret": "c8903d8de968a79021dd6ba3485d19f051b477f9",
        "is_verified": false,
        "line_number": 56
      },
      {
        "type": "Secret Keyword",
        "filename": "chat-api/backend/tests/unit/test_stripe_service.py",
        "hashed_secret": "7eef88603465ff23d8636134cfde5adecf822f70",
        "is_verified": false,
        "line_number": 68
      }
    ],
    "chat-api/docs/chat_bot_docs/bedrock-knowledge-base-pinecone-setup.md": [
      {
        "type": "Secret Keyword",
        "filename": "chat-api/docs/chat_bot_docs/bedrock-knowledge-base-pinecone-setup.md",
        "hashed_secret": "d8bb33b55497e23463e5162bd3acb08d868797f6",
        "is_verified": false,
        "line_number": 132
      }
    ],
    "chat-api/docs/streaming/STREAMING_PAYLOAD_TRACE.md": [
      {
        "type": "JSON Web Token",
        "filename": "chat-api/docs/streaming/STREAMING_PAYLOAD_TRACE.md",
        "hashed_secret": "c1dfbe2e23d25f59f13ed87731a792dbf3ab43c4",
        "is_verified": false,
        "line_number": 64
      }
    ],
    "chat-api/terraform/environments/dev/state-backup-phase4-20250912-133513.json": [
      {
        "type": "Hex High Entropy String",
        "filename": "chat-api/terraform/environments/dev/state-backup-phase4-20250912-133513.json",
        "hashed_secret": "f2e3ea34eeb0d12620d1790189605a6551092941",
        "is_verified": false,
        "line_number": 733
      },
      {
        "type": "Base64 High Entropy String",
        "filename": "chat-api/terraform/environments/dev/state-backup-phase4-20250912-133513.json",
        "hashed_secret": "892713fb97b474df9dd89a67203479c92d8b748d",
        "is_verified": false,
        "line_number": 734
      },
      {
        "type": "Base64 High Entropy String",
        "filename": "chat-api/terraform/environments/dev/state-backup-phase4-20250912-133513.json",
        "hashed_secret": "1aa72809507499af840b2f69c8535d41a7c1db4c",
        "is_verified": false,
        "line_number": 735
      },
      {
        "type": "Hex High Entropy String",
        "filename": "chat-api/terraform/environments/dev/state-backup-phase4-20250912-133513.json",
        "hashed_secret": "d2c24507cd6630e4c9b7ea4858f0b33e0fb4d9d5",
        "is_verified": false,
        "line_number": 737
      },
      {
        "type": "Hex High Entropy String",
        "filename": "chat-api/terraform/environments/dev/state-backup-phase4-20250912-133513.json",
        "hashed_secret": "1b7e728fc78128568a2d853b47338f224a881a48",
        "is_verified": false,
        "line_number": 740
      },
      {
        "type": "Hex High Entropy String",
        "filename": "chat-api/terraform/environments/dev/state-backup-phase4-20250912-133513.json",
        "hashed_secret": "8cc374b920eb2886f629951caa608fd8fc17b082",
        "is_verified": false,
        "line_number": 741
      },
      {
        "type": "Hex High Entropy String",
        "filename": "chat-api/terraform/environments/dev/state-backup-phase4-20250912-133513.json",
        "hashed_secret": "97e6f138ecad1c15b451a81ff499c0daa7ffef2e",
        "is_verified": false,
        "line_number": 774
      },
      {
        "type": "Base64 High Entropy String",
        "filename": "chat-api/terraform/environments/dev/state-backup-phase4-20250912-133513.json",
        "hashed_secret": "b7962ad538024c98d2f15ead30e6730df0aad89e",
        "is_verified": false,
        "line_number": 775
      },
      {
        "type": "Base64 High Entropy String",
        "filename": "chat-api/terraform/environments/dev/state-backup-phase4-20250912-133513.json",
        "hashed_secret": "547b1f9c471c48cd78c49a3cf6537023453ef6c3",
        "is_verified": false,
        "line_number": 776
      },
      {
        "type": "Hex High Entropy String",
        "filename": "chat-api/terraform/environments/dev/state-backup-phase4-20250912-133513.json",
        "hashed_secret": "bc14208c2d61076ea301641cd868ca8e431b1d4c",
        "is_verified": false,
        "line_number": 778
      },
      {
        "type": "Hex High Entropy String",
        "filename": "chat-api/terraform/environments/dev/state-backup-phase4-20250912-133513.json",
        "hashed_secret": "0789f5c09ee186a1edf6242460b94269fe82dcf6",
        "is_verified": false,
        "line_number": 781
      },
      {
        "type": "Hex High Entropy String",
        "filename": "chat-api/terraform/environments/dev/state-backup-phase4-20250912-133513.json",
        "hashed_secret": "0bcd3619771c0cf961d81a4d87628a2da62b1133",
        "is_verified": false,
        "line_number": 782
      },
      {
        "type": "Hex High Entropy String",
        "filename": "chat-api/terraform/environments/dev/state-backup-phase4-20250912-133513.json",
        "hashed_secret": "a40283d64907447284dc3a803d8cc9a927e56410",
        "is_verified": false,
        "line_number": 811
      },
      {
        "type": "Base64 High Entropy String",
        "filename": "chat-api/terraform/environments/dev/state-backup-phase4-20250912-133513.json",
        "hashed_secret": "16c100712c9c9882bd818517787836f98085cffd",
        "is_verified": false,
        "line_number": 812
      },
      {
        "type": "Base64 High Entropy String",
        "filename": "chat-api/terraform/environments/dev/state-backup-phase4-20250912-133513.json",
        "hashed_secret": "0992baf59650afa6127a040874fa057f61b8dcbd",
        "is_verified": false,
        "line_number": 813
      },
      {
        "type": "Hex High Entropy String",
        "filename": "chat-api/terraform/environments/dev/state-backup-phase4-20250912-133513.json",
        "hashed_secret": "2ae954c2d5c25f36e5248b6a78f69feba4ba2c1e",
        "is_verified": false,
        "line_number": 815
      },
      {
        "type": "Hex High Entropy String",
        "filename": "chat-api/terraform/environments/dev/state-backup-phase4-20250912-133513.json",
        "hashed_secret": "a23eeccd397e3cb2f550cc1b017b7cc5bbed4a6e",
        "is_verified": false,
        "line_number": 818
      },
      {
        "type": "Hex High Entropy String",
        "filename": "chat-api/terraform/environments/dev/state-backup-phase4-20250912-133513.json",
        "hashed_secret": "e4a8670da0de31536cdf33ed793377f138f8e634",
        "is_verified": false,
        "line_number": 819
      },
      {
        "type": "Hex High Entropy String",
        "filename": "chat-api/terraform/environments/dev/state-backup-phase4-20250912-133513.json",
        "hashed_secret": "44385ba49e11099dbfc5346e8db8826074fc0547",
        "is_verified": false,
        "line_number": 860
      },
      {
        "type": "Base64 High Entropy String",
        "filename": "chat-api/terraform/environments/dev/state-backup-phase4-20250912-133513.json",
        "hashed_secret": "b1aa6f9a012284d6340254f8565101454b37769c",
        "is_verified": false,
        "line_number": 861
      },
      {
        "type": "Base64 High Entropy String",
        "filename": "chat-api/terraform/environments/dev/state-backup-phase4-20250912-133513.json",
        "hashed_secret": "e6bc3a0fc2f464dd4401f9d0dba32ba7a6aa99a5",
        "is_verified": false,
        "line_number": 862
      },
      {
        "type": "Hex High Entropy String",
        "filename": "chat-api/terraform/environments/dev/state-backup-phase4-20250912-133513.json",
        "hashed_secret": "0c5a9d3be7ace7e36ee2f3b47875a03180cd5bd9",
        "is_verified": false,
        "line_number": 864
      },
      {
        "type": "Hex High Entropy String",
        "filename": "chat-api/terraform/environments/dev/state-backup-phase4-20250912-133513.json",
        "hashed_secret": "e9d7c64e2fbe9925172e29579502498811bb791c",
        "is_verified": false,
        "line_number": 867
      },
      {
        "type": "Hex High Entropy String",
        "filename": "chat-api/terraform/environments/dev/state-backup-phase4-20250912-133513.json",
        "hashed_secret": "f20bb6df5cfd1c261c033d9eaea8852915ee1870",
        "is_verified": false,
        "line_number": 868
      },
      {
        "type": "Hex High Entropy String",
        "filename": "chat-api/terraform/environments/dev/state-backup-phase4-20250912-133513.json",
        "hashed_secret": "37d1fdd57b417f2fc42e71cbbd2b36884d1a3f5d",
        "is_verified": false,
        "line_number": 897
      },
      {
        "type": "Base64 High Entropy String",
        "filename": "chat-api/terraform/environments/dev/state-backup-phase4-20250912-133513.json",
        "hashed_secret": "2f2fe15749901ffb073c082ba676f9c78bc032e8",
        "is_verified": false,
        "line_number": 898
      },
      {
        "type": "Base64 High Entropy String",
        "filename": "chat-api/terraform/environments/dev/state-backup-phase4-20250912-133513.json",
        "hashed_secret": "feac13a2ec9fe5c48bb782770c90b2ebe1b33225",
        "is_verified": false,
        "line_number": 899
      },
      {
        "type": "Hex High Entropy String",
        "filename": "chat-api/terraform/environments/dev/state-backup-phase4-20250912-133513.json",
        "hashed_secret": "622288350d6e843925b2ee1ff51fa99969b5cede",
        "is_verified": false,
        "line_number": 901
      },
      {
        "type": "Hex High Entropy String",
        "filename": "chat-api/terraform/environments/dev/state-backup-phase4-20250912-133513.json",
        "hashed_secret": "fb8fc8338046c596f11df2df745f0e10e7a1597f",
        "is_verified": false,
        "line_number": 904
      },
      {
        "type": "Hex High Entropy String",
        "filename": "chat-api/terraform/environments/dev/state-backup-phase4-20250912-133513.json",
        "hashed_secret": "d9e46366fd81d3beae4f14e2092f792084f1bd09",
        "is_verified": false,
        "line_number": 905
      },
      {
        "type": "Base64 High Entropy String",
        "filename": "chat-api/terraform/environments/dev/state-backup-phase4-20250912-133513.json",
        "hashed_secret": "dac20a79f879e2e513cdf211522491f527dbcc93",
        "is_verified": false,
        "line_number": 1207
      },
      {
        "type": "Base64 High Entropy String",
        "filename": "chat-api/terraform/environments/dev/state-backup-phase4-20250912-133513.json",
        "hashed_secret": "be9f6500ee41e46baa76712816c5ece781e60118",
        "is_verified": false,
        "line_number": 4277
      },
      {
        "type": "Hex High Entropy String",
        "filename": "chat-api/terraform/environments/dev/state-backup-phase4-20250912-133513.json",
        "hashed_secret": "067b1890c6f0f5c7e24aa54b9b0b38d4c6e5c16e",
        "is_verified": false,
        "line_number": 4374
      },
      {
        "type": "Base64 High Entropy String",
        "filename": "chat-api/terraform/environments/dev/state-backup-phase4-20250912-133513.json",
        "hashed_secret": "8fc2b1715732ff9089a0799770efcf636cc94ed2",
        "is_verified": false,
        "line_number": 4375
      },
      {
        "type": "Base64 High Entropy String",
        "filename": "chat-api/terraform/environments/dev/state-backup-phase4-20250912-133513.json",
        "hashed_secret": "72b2ba92e3412aff4debd94b331e4a832b500c8d",
        "is_verified": false,
        "line_number": 4376
      },
      {
        "type": "Hex High Entropy String",
        "filename": "chat-api/terraform/environments/dev/state-backup-phase4-20250912-133513.json",
        "hashed_secret": "b974c01b1bbee2c2054e141b1c47b9ec615cd77f",
        "is_verified": false,
        "line_number": 4378
      },
      {
        "type": "Hex High Entropy String",
        "filename": "chat-api/terraform/environments/dev/state-backup-phase4-20250912-133513.json",
        "hashed_secret": "58ef5005d58a2bd6ecdaefe5d4b75de3a27fe1c2",
        "is_verified": false,
        "line_number": 4381
      },
      {
        "type": "Hex High Entropy String",
        "filename": "chat-api/terraform/environments/dev/state-backup-phase4-20250912-133513.json",
        "hashed_secret": "c92156858207c46ae2ab8dc876c60813f7912049",
        "is_verified": false,
        "line_number": 4382
      },
      {
        "type": "Hex High Entropy String",
        "filename": "chat-api/terraform/environments/dev/state-backup-phase4-20250912-133513.json",
        "hashed_secret": "e78021c7585c12fb4ba0de269cfb8124c4d3775d",
        "is_verified": false,
        "line_number": 4407
      },
      {
        "type": "Base64 High Entropy String",
        "filename": "chat-api/terraform/environments/dev/state-backup-phase4-20250912-133513.json",
        "hashed_secret": "e55876e56a44a0074c1b05d7d7608c6af8b93d1e",
        "is_verified": false,
        "line_number": 4408
      },
      {
        "type": "Base64 High Entropy String",
        "filename": "chat-api/terraform/environments/dev/state-backup-phase4-20250912-133513.json",
        "hashed_secret": "e46dfbb0b839b5cddaac49d907b4572dd5c81cf4",
        "is_verified": false,
        "line_number": 4409
      },
      {
        "type": "Hex High Entropy String",
        "filename": "chat-api/terraform/environments/dev/state-backup-phase4-20250912-133513.json",
        "hashed_secret": "d0f34950858d0706e4f47214b5548cddb01799c3",
        "is_verified": false,
        "line_number": 4411
      },
      {
        "type": "Hex High Entropy String",
        "filename": "chat-api/terraform/environments/dev/state-backup-phase4-20250912-133513.json",
        "hashed_secret": "3ce9f991221343830b71696aab2427e27b6bce91",
        "is_verified": false,
        "line_number": 4414
      },
      {
        "type": "Hex High Entropy String",
        "filename": "chat-api/terraform/environments/dev/state-backup-phase4-20250912-133513.json",
        "hashed_secret": "76fe484740c17f7388c802911580a378084b601a",
        "is_verified": false,
        "line_number": 4415
      },
      {
        "type": "Hex High Entropy String",
        "filename": "chat-api/terraform/environments/dev/state-backup-phase4-20250912-133513.json",
        "hashed_secret": "19be95620493f7735d3035ff4d639c196a73eedc",
        "is_verified": false,
        "line_number": 4440
      },
      {
        "type": "Base64 High Entropy String",
        "filename": "chat-api/terraform/environments/dev/state-backup-phase4-20250912-133513.json",
        "hashed_secret": "d784aa9a0300017e337e592814c442e897ac681e",
        "is_verified": false,
        "line_number": 4441
      },
      {
        "type": "Base64 High Entropy String",
        "filename": "chat-api/terraform/environments/dev/state-backup-phase4-20250912-133513.json",
        "hashed_secret": "863556d4dee8b9d821eaac9fb6b8cc6ed024fce9",
        "is_verified": false,
        "line_number": 4442
      },
      {
        "type": "Hex High Entropy String",
        "filename": "chat-api/terraform/environments/dev/state-backup-phase4-20250912-133513.json",
        "hashed_secret": "ccac7c6991b12462a525d8779d03500fae400ddb",
        "is_verified": false,
        "line_number": 4444
      },
      {
        "type": "Hex High Entropy String",
        "filename": "chat-api/terraform/environments/dev/state-backup-phase4-20250912-133513.json",
        "hashed_secret": "31f0ffa5be17185ac65d3375899a7051e1922767",
        "is_verified": false,
        "line_number": 4447
      },
      {
        "type": "Hex High Entropy String",
        "filename": "chat-api/terraform/environments/dev/state-backup-phase4-20250912-133513.json",
        "hashed_secret": "b8e3270ed97a5fe5bc49a5eb9636bf34286176fa",
        "is_verified": false,
        "line_number": 4448
      },
      {
        "type": "Hex High Entropy String",
        "filename": "chat-api/terraform/environments/dev/state-backup-phase4-20250912-133513.json",
        "hashed_secret": "6c75931487442a15f3383012e016ba3161cbb77f",
        "is_verified": false,
        "line_number": 4473
      },
      {
        "type": "Base64 High Entropy String",
        "filename": "chat-api/terraform/environments/dev/state-backup-phase4-20250912-133513.json",
        "hashed_secret": "a1a889e5c630e6ebe827e6f1d1eaf75857eec90b",
        "is_verified": false,
        "line_number": 4474
      },
      {
        "type": "Base64 High Entropy String",
        "filename": "chat-api/terraform/environments/dev/state-backup-phase4-20250912-133513.json",
        "hashed_secret": "4f28d2328bc29c25463914d75c4fce5d7f7bdb6b",
        "is_verified": false,
        "line_number": 4475
      },
      {
        "type": "Hex High Entropy String",
        "filename": "chat-api/terraform/environments/dev/state-backup-phase4-20250912-133513.json",
        "hashed_secret": "3faf2d3027a2ac1a56cffec8c25998367eddbc1f",
        "is_verified": false,
        "line_number": 4477
      },
      {
        "type": "Hex High Entropy String",
        "filename": "chat-api/terraform/environments/dev/state-backup-phase4-20250912-133513.json",
        "hashed_secret": "f14ee0a729811c73ebae15573e761bb888078246",
        "is_verified": false,
        "line_number": 4480
      },
      {
        "type": "Hex High Entropy String",
        "filename": "chat-api/terraform/environments/dev/state-backup-phase4-20250912-133513.json",
        "hashed_secret": "27a22f02fd0a541f7d9f22c1f3dfe8c6c086dbd6",
        "is_verified": false,
        "line_number": 4481
      },
      {
        "type": "Base64 High Entropy String",
        "filename": "chat-api/terraform/environments/dev/state-backup-phase4-20250912-133513.json",
        "hashed_secret": "1336e57067aa111ac751e21da2d925ffe66cdfd8",
        "is_verified": false,
        "line_number": 4855
      },
      {
        "type": "Base64 High Entropy String",
        "filename": "chat-api/terraform/environments/dev/state-backup-phase4-20250912-133513.json",
        "hashed_secret": "e69c5d301c78bbadefd974d3f5a39747d4bf8235",
        "is_verified": false,
        "line_number": 5283
      },
      {
        "type": "Secret Keyword",
        "filename": "chat-api/terraform/environments/dev/state-backup-phase4-20250912-133513.json",
        "hashed_secret": "94b417e10ad43d9e0a76c07bca8ffc1e43138029",
        "is_verified": false,
        "line_number": 5310
      },
      {
        "type": "Base64 High Entropy String",
        "filename": "chat-api/terraform/environments/dev/state-backup-phase4-20250912-133513.json",
        "hashed_secret": "27e3c4fbd8f7171b19f7a1c1fd405a09f3256f18",
        "is_verified": false,
        "line_number": 5398
      },
      {
        "type": "Base64 High Entropy String",
        "filename": "chat-api/terraform/environments/dev/state-backup-phase4-20250912-133513.json",
        "hashed_secret": "778b1314454a6deaaa05544fa6a34b717ecd8983",
        "is_verified": false,
        "line_number": 6034
      },
      {
        "type": "Secret Keyword",
        "filename": "chat-api/terraform/environments/dev/state-backup-phase4-20250912-133513.json",
        "hashed_secret": "778b1314454a6deaaa05544fa6a34b717ecd8983",
        "is_verified": false,
        "line_number": 6034
      },
      {
        "type": "Base64 High Entropy String",
        "filename": "chat-api/terraform/environments/dev/state-backup-phase4-20250912-133513.json",
        "hashed_secret": "30d6c5b2382ba46de88fb6517f183259b9834a1e",
        "is_verified": false,
        "line_number": 6280
      }
    ],
    "chat-api/terraform/environments/dev/state-backup-phase5-20250912-140833.json": [
      {
        "type": "Hex High Entropy String",
        "filename": "chat-api/terraform/environments/dev/state-backup-phase5-20250912-140833.json",
        "hashed_secret": "f2e3ea34eeb0d12620d1790189605a6551092941",
        "is_verified": false,
        "line_number": 733
      },
      {
        "type": "Base64 High Entropy String",
        "filename": "chat-api/terraform/environments/dev/state-backup-phase5-20250912-140833.json",
        "hashed_secret": "892713fb97b474df9dd89a67203479c92d8b748d",
        "is_verified": false,
        "line_number": 734
      },
      {
        "type": "Base64 High Entropy String",
        "filename": "chat-api/terraform/environments/dev/state-backup-phase5-20250912-140833.json",
        "hashed_secret": "1aa72809507499af840b2f69c8535d41a7c1db4c",
        "is_verified": false,
        "line_number": 735
      },
      {
        "type": "Hex High Entropy String",
        "filename": "chat-api/terraform/environments/dev/state-backup-phase5-20250912-140833.json",
        "hashed_secret": "d2c24507cd6630e4c9b7ea4858f0b33e0fb4d9d5",
        "is_verified": false,
        "line_number": 737
      },
      {
        "type": "Hex High Entropy String",
        "filename": "chat-api/terraform/environments/dev/state-backup-phase5-20250912-140833.json",
        "hashed_secret": "1b7e728fc78128568a2d853b47338f224a881a48",
        "is_verified": false,
        "line_number": 740
      },
      {
        "type": "Hex High Entropy String",
        "filename": "chat-api/terraform/environments/dev/state-backup-phase5-20250912-140833.json",
        "hashed_secret": "8cc374b920eb2886f629951caa608fd8fc17b082",
        "is_verified": false,
        "line_number": 741
      },
      {
        "type": "Hex High Entropy String",
        "filename": "chat-api/terraform/environments/dev/state-backup-phase5-20250912-140833.json",
        "hashed_secret": "97e6f138ecad1c15b451a81ff499c0daa7ffef2e",
        "is_verified": false,
        "line_number": 774
      },
      {
        "type": "Base64 High Entropy String",
        "filename": "chat-api/terraform/environments/dev/state-backup-phase5-20250912-140833.json",
        "hashed_secret": "b7962ad538024c98d2f15ead30e6730df0aad89e",
        "is_verified": false,
        "line_number": 775
      },
      {
        "type": "Base64 High Entropy String",
        "filename": "chat-api/terraform/environments/dev/state-backup-phase5-20250912-140833.json",
        "hashed_secret": "547b1f9c471c48cd78c49a3cf6537023453ef6c3",
        "is_verified": false,
        "line_number": 776
      },
      {
        "type": "Hex High Entropy String",
        "filename": "chat-api/terraform/environments/dev/state-backup-phase5-20250912-140833.json",
        "hashed_secret": "bc14208c2d61076ea301641cd868ca8e431b1d4c",
        "is_verified": false,
        "line_number": 778
      },
      {
        "type": "Hex High Entropy String",
        "filename": "chat-api/terraform/environments/dev/state-backup-phase5-20250912-140833.json",
        "hashed_secret": "0789f5c09ee186a1edf6242460b94269fe82dcf6",
        "is_verified": false,
        "line_number": 781
      },
      {
        "type": "Hex High Entropy String",
        "filename": "chat-api/terraform/environments/dev/state-backup-phase5-20250912-140833.json",
        "hashed_secret": "0bcd3619771c0cf961d81a4d87628a2da62b1133",
        "is_verified": false,
        "line_number": 782
      },
      {
        "type": "Hex High Entropy String",
        "filename": "chat-api/terraform/environments/dev/state-backup-phase5-20250912-140833.json",
        "hashed_secret": "a40283d64907447284dc3a803d8cc9a927e56410",
        "is_verified": false,
        "line_number": 811
      },
      {
        "type": "Base64 High Entropy String",
        "filename": "chat-api/terraform/environments/dev/state-backup-phase5-20250912-140833.json",
        "hashed_secret": "16c100712c9c9882bd818517787836f98085cffd",
        "is_verified": false,
        "line_number": 812
      },
      {
        "type": "Base64 High Entropy String",
        "filename": "chat-api/terraform/environments/dev/state-backup-phase5-20250912-140833.json",
        "hashed_secret": "0992baf59650afa6127a040874fa057f61b8dcbd",
        "is_verified": false,
        "line_number": 813
      },
      {
        "type": "Hex High Entropy String",
        "filename": "chat-api/terraform/environments/dev/state-backup-phase5-20250912-140833.json",
        "hashed_secret": "2ae954c2d5c25f36e5248b6a78f69feba4ba2c1e",
        "is_verified": false,
        "line_number": 815
      },
      {
        "type": "Hex High Entropy String",
        "filename": "chat-api/terraform/environments/dev/state-backup-phase5-20250912-140833.json",
        "hashed_secret": "a23eeccd397e3cb2f550cc1b017b7cc5bbed4a6e",
        "is_verified": false,
        "line_number": 818
      },
      {
        "type": "Hex High Entropy String",
        "filename": "chat-api/terraform/environments/dev/state-backup-phase5-20250912-140833.json",
        "hashed_secret": "e4a8670da0de31536cdf33ed793377f138f8e634",
        "is_verified": false,
        "line_number": 819
      },
      {
        "type": "Hex High Entropy String",
        "filename": "chat-api/terraform/environments/dev/state-backup-phase5-20250912-140833.json",
        "hashed_secret": "44385ba49e11099dbfc5346e8db8826074fc0547",
        "is_verified": false,
        "line_number": 860
      },
      {
        "type": "Base64 High Entropy String",
        "filename": "chat-api/terraform/environments/dev/state-backup-phase5-20250912-140833.json",
        "hashed_secret": "b1aa6f9a012284d6340254f8565101454b37769c",
        "is_verified": false,
        "line_number": 861
      },
      {
        "type": "Base64 High Entropy String",
        "filename": "chat-api/terraform/environments/dev/state-backup-phase5-20250912-140833.json",
        "hashed_secret": "e6bc3a0fc2f464dd4401f9d0dba32ba7a6aa99a5",
        "is_verified": false,
        "line_number": 862
      },
      {
        "type": "Hex High Entropy String",
        "filename": "chat-api/terraform/environments/dev/state-backup-phase5-20250912-140833.json",
        "hashed_secret": "0c5a9d3be7ace7e36ee2f3b47875a03180cd5bd9",
        "is_verified": false,
        "line_number": 864
      },
      {
        "type": "Hex High Entropy String",
        "filename": "chat-api/terraform/environments/dev/state-backup-phase5-20250912-140833.json",
        "hashed_secret": "e9d7c64e2fbe9925172e29579502498811bb791c",
        "is_verified": false,
        "line_number": 867
      },
      {
        "type": "Hex High Entropy String",
        "filename": "chat-api/terraform/environments/dev/state-backup-phase5-20250912-140833.json",
        "hashed_secret": "f20bb6df5cfd1c261c033d9eaea8852915ee1870",
        "is_verified": false,
        "line_number": 868
      },
      {
        "type": "Hex High Entropy String",
        "filename": "chat-api/terraform/environments/dev/state-backup-phase5-20250912-140833.json",
        "hashed_secret": "37d1fdd57b417f2fc42e71cbbd2b36884d1a3f5d",
        "is_verified": false,
        "line_number": 897
      },
      {
        "type": "Base64 High Entropy String",
        "filename": "chat-api/terraform/environments/dev/state-backup-phase5-20250912-140833.json",
        "hashed_secret": "2f2fe15749901ffb073c082ba676f9c78bc032e8",
        "is_verified": false,
        "line_number": 898
      },
      {
        "type": "Base64 High Entropy String",
        "filename": "chat-api/terraform/environments/dev/state-backup-phase5-20250912-140833.json",
        "hashed_secret": "feac13a2ec9fe5c48bb782770c90b2ebe1b33225",
        "is_verified": false,
        "line_number": 899
      },
      {
        "type": "Hex High Entropy String",
        "filename": "chat-api/terraform/environments/dev/state-backup-phase5-20250912-140833.json",
        "hashed_secret": "622288350d6e843925b2ee1ff51fa99969b5cede",
        "is_verified": false,
        "line_number": 901
      },
      {
        "type": "Hex High Entropy String",
        "filename": "chat-api/terraform/environments/dev/state-backup-phase5-20250912-140833.json",
        "hashed_secret": "fb8fc8338046c596f11df2df745f0e10e7a1597f",
        "is_verified": false,
        "line_number": 904
      },
      {
        "type": "Hex High Entropy String",
        "filename": "chat-api/terraform/environments/dev/state-backup-phase5-20250912-140833.json",
        "hashed_secret": "d9e46366fd81d3beae4f14e2092f792084f1bd09",
        "is_verified": false,
        "line_number": 905
      },
      {
        "type": "Base64 High Entropy String",
        "filename": "chat-api/terraform/environments/dev/state-backup-phase5-20250912-140833.json",
        "hashed_secret": "be9f6500ee41e46baa76712816c5ece781e60118",
        "is_verified": false,
        "line_number": 2866
      },
      {
        "type": "Base64 High Entropy String",
        "filename": "chat-api/terraform/environments/dev/state-backup-phase5-20250912-140833.json",
        "hashed_secret": "dac20a79f879e2e513cdf211522491f527dbcc93",
        "is_verified": false,
        "line_number": 3105
      },
      {
        "type": "Hex High Entropy String",
        "filename": "chat-api/terraform/environments/dev/state-backup-phase5-20250912-140833.json",
        "hashed_secret": "067b1890c6f0f5c7e24aa54b9b0b38d4c6e5c16e",
        "is_verified": false,
        "line_number": 4221
      },
      {
        "type": "Base64 High Entropy String",
        "filename": "chat-api/terraform/environments/dev/state-backup-phase5-20250912-140833.json",
        "hashed_secret": "8fc2b1715732ff9089a0799770efcf636cc94ed2",
        "is_verified": false,
        "line_number": 4222
      },
      {
        "type": "Base64 High Entropy String",
        "filename": "chat-api/terraform/environments/dev/state-backup-phase5-20250912-140833.json",
        "hashed_secret": "72b2ba92e3412aff4debd94b331e4a832b500c8d",
        "is_verified": false,
        "line_number": 4223
      },
      {
        "type": "Hex High Entropy String",
        "filename": "chat-api/terraform/environments/dev/state-backup-phase5-20250912-140833.json",
        "hashed_secret": "b974c01b1bbee2c2054e141b1c47b9ec615cd77f",
        "is_verified": false,
        "line_number": 4225
      },
      {
        "type": "Hex High Entropy String",
        "filename": "chat-api/terraform/environments/dev/state-backup-phase5-20250912-140833.json",
        "hashed_secret": "58ef5005d58a2bd6ecdaefe5d4b75de3a27fe1c2",
        "is_verified": false,
        "line_number": 4228
      },
      {
        "type": "Hex High Entropy String",
        "filename": "chat-api/terraform/environments/dev/state-backup-phase5-20250912-140833.json",
        "hashed_secret": "c92156858207c46ae2ab8dc876c60813f7912049",
        "is_verified": false,
        "line_number": 4229
      },
      {
        "type": "Hex High Entropy String",
        "filename": "chat-api/terraform/environments/dev/state-backup-phase5-20250912-140833.json",
        "hashed_secret": "e78021c7585c12fb4ba0de269cfb8124c4d3775d",
        "is_verified": false,
        "line_number": 4254
      },
      {
        "type": "Base64 High Entropy String",
        "filename": "chat-api/terraform/environments/dev/state-backup-phase5-20250912-140833.json",
        "hashed_secret": "e55876e56a44a0074c1b05d7d7608c6af8b93d1e",
        "is_verified": false,
        "line_number": 4255
      },
      {
        "type": "Base64 High Entropy String",
        "filename": "chat-api/terraform/environments/dev/state-backup-phase5-20250912-140833.json",
        "hashed_secret": "e46dfbb0b839b5cddaac49d907b4572dd5c81cf4",
        "is_verified": false,
        "line_number": 4256
      },
      {
        "type": "Hex High Entropy String",
        "filename": "chat-api/terraform/environments/dev/state-backup-phase5-20250912-140833.json",
        "hashed_secret": "d0f34950858d0706e4f47214b5548cddb01799c3",
        "is_verified": false,
        "line_number": 4258
      },
      {
        "type": "Hex High Entropy String",
        "filename": "chat-api/terraform/environments/dev/state-backup-phase5-20250912-140833.json",
        "hashed_secret": "3ce9f991221343830b71696aab2427e27b6bce91",
        "is_verified": false,
        "line_number": 4261
      },
      {
        "type": "Hex High Entropy String",
        "filename": "chat-api/terraform/environments/dev/state-backup-phase5-20250912-140833.json",
        "hashed_secret": "76fe484740c17f7388c802911580a378084b601a",
        "is_verified": false,
        "line_number": 4262
      },
      {
        "type": "Hex High Entropy String",
        "filename": "chat-api/terraform/environments/dev/state-backup-phase5-20250912-140833.json",
        "hashed_secret": "19be95620493f7735d3035ff4d639c196a73eedc",
        "is_verified": false,
        "line_number": 4287
      },
      {
        "type": "Base64 High Entropy String",
        "filename": "chat-api/terraform/environments/dev/state-backup-phase5-20250912-140833.json",
        "hashed_secret": "d784aa9a0300017e337e592814c442e897ac681e",
        "is_verified": false,
        "line_number": 4288
      },
      {
        "type": "Base64 High Entropy String",
        "filename": "chat-api/terraform/environments/dev/state-backup-phase5-20250912-140833.json",
        "hashed_secret": "863556d4dee8b9d821eaac9fb6b8cc6ed024fce9",
        "is_verified": false,
        "line_number": 4289
      },
      {
        "type": "Hex High Entropy String",
        "filename": "chat-api/terraform/environments/dev/state-backup-phase5-20250912-140833.json",
        "hashed_secret": "ccac7c6991b12462a525d8779d03500fae400ddb",
        "is_verified": false,
        "line_number": 4291
      },
      {
        "type": "Hex High Entropy String",
        "filename": "chat-api/terraform/environments/dev/state-backup-phase5-20250912-140833.json",
        "hashed_secret": "31f0ffa5be17185ac65d3375899a7051e1922767",
        "is_verified": false,
        "line_number": 4294
      },
      {
        "type": "Hex High Entropy String",
        "filename": "chat-api/terraform/environments/dev/state-backup-phase5-20250912-140833.json",
        "hashed_secret": "b8e3270ed97a5fe5bc49a5eb9636bf34286176fa",
        "is_verified": false,
        "line_number": 4295
      },
      {
        "type": "Hex High Entropy String",
        "filename": "chat-api/terraform/environments/dev/state-backup-phase5-20250912-140833.json",
        "hashed_secret": "6c75931487442a15f3383012e016ba3161cbb77f",
        "is_verified": false,
        "line_number": 4320
      },
      {
        "type": "Base64 High Entropy String",
        "filename": "chat-api/terraform/environments/dev/state-backup-phase5-20250912-140833.json",
        "hashed_secret": "a1a889e5c630e6ebe827e6f1d1eaf75857eec90b",
        "is_verified": false,
        "line_number": 4321
      },
      {
        "type": "Base64 High Entropy String",
        "filename": "chat-api/terraform/environments/dev/state-backup-phase5-20250912-140833.json",
        "hashed_secret": "4f28d2328bc29c25463914d75c4fce5d7f7bdb6b",
        "is_verified": false,
        "line_number": 4322
      },
      {
        "type": "Hex High Entropy String",
        "filename": "chat-api/terraform/environments/dev/state-backup-phase5-20250912-140833.json",
        "hashed_secret": "3faf2d3027a2ac1a56cffec8c25998367eddbc1f",
        "is_verified": false,
        "line_number": 4324
      },
      {
        "type": "Hex High Entropy String",
        "filename": "chat-api/terraform/environments/dev/state-backup-phase5-20250912-140833.json",
        "hashed_secret": "f14ee0a729811c73ebae15573e761bb888078246",
        "is_verified": false,
        "line_number": 4327
      },
      {
        "type": "Hex High Entropy String",
        "filename": "chat-api/terraform/environments/dev/state-backup-phase5-20250912-140833.json",
        "hashed_secret": "27a22f02fd0a541f7d9f22c1f3dfe8c6c086dbd6",
        "is_verified": false,
        "line_number": 4328
      },
      {
        "type": "Base64 High Entropy String",
        "filename": "chat-api/terraform/environments/dev/state-backup-phase5-20250912-140833.json",
        "hashed_secret": "1336e57067aa111ac751e21da2d925ffe66cdfd8",
        "is_verified": false,
        "line_number": 4702
      },
      {
        "type": "Base64 High Entropy String",
        "filename": "chat-api/terraform/environments/dev/state-backup-phase5-20250912-140833.json",
        "hashed_secret": "e69c5d301c78bbadefd974d3f5a39747d4bf8235",
        "is_verified": false,
        "line_number": 5130
      },
      {
        "type": "Secret Keyword",
        "filename": "chat-api/terraform/environments/dev/state-backup-phase5-20250912-140833.json",
        "hashed_secret": "94b417e10ad43d9e0a76c07bca8ffc1e43138029",
        "is_verified": false,
        "line_number": 5157
      },
      {
        "type": "Base64 High Entropy String",
        "filename": "chat-api/terraform/environments/dev/state-backup-phase5-20250912-140833.json",
        "hashed_secret": "27e3c4fbd8f7171b19f7a1c1fd405a09f3256f18",
        "is_verified": false,
        "line_number": 5245
      },
      {
        "type": "Base64 High Entropy String",
        "filename": "chat-api/terraform/environments/dev/state-backup-phase5-20250912-140833.json",
        "hashed_secret": "778b1314454a6deaaa05544fa6a34b717ecd8983",
        "is_verified": false,
        "line_number": 5881
      },
      {
        "type": "Secret Keyword",
        "filename": "chat-api/terraform/environments/dev/state-backup-phase5-20250912-140833.json",
        "hashed_secret": "778b1314454a6deaaa05544fa6a34b717ecd8983",
        "is_verified": false,
        "line_number": 5881
      },
      {
        "type": "Base64 High Entropy String",
        "filename": "chat-api/terraform/environments/dev/state-backup-phase5-20250912-140833.json",
        "hashed_secret": "30d6c5b2382ba46de88fb6517f183259b9834a1e",
        "is_verified": false,
        "line_number": 6127
      }
    ],
    "chat-api/terraform/environments/dev/terraform.tfvars.secret.example": [
      {
        "type": "Secret Keyword",
        "filename": "chat-api/terraform/environments/dev/terraform.tfvars.secret.example",
        "hashed_secret": "78a01343e3eed5f00047480f74667dd58262227d",
        "is_verified": false,
        "line_number": 5
      },
      {
        "type": "Secret Keyword",
        "filename": "chat-api/terraform/environments/dev/terraform.tfvars.secret.example",
        "hashed_secret": "c781be6fe0846e6003396dddccff6aedc823fe3d",
        "is_verified": false,
        "line_number": 9
      }
    ],
    "chat-api/terraform/environments/staging/terraform.tfvars.example": [
      {
        "type": "Secret Keyword",
        "filename": "chat-api/terraform/environments/staging/terraform.tfvars.example",
        "hashed_secret": "771de592936c5c1ed2af20dbc3a9ed416bd6aa8d",
        "is_verified": false,
        "line_number": 17
      },
      {
        "type": "Secret Keyword",
        "filename": "chat-api/terraform/environments/staging/terraform.tfvars.example",
        "hashed_secret": "2d3176c813d0522aeeb9744f44177deee95ce0f7",
        "is_verified": false,
        "line_number": 19
      },
      {
        "type": "Secret Keyword",
        "filename": "chat-api/terraform/environments/staging/terraform.tfvars.example",
        "hashed_secret": "519fb0745a0d8fbeb60fca94ead1f679615a97e4",
        "is_verified": false,
        "line_number": 22
      }
    ],
    "chat-api/terraform/modules/bedrock/README.md": [
      {
        "type": "Secret Keyword",
        "filename": "chat-api/terraform/modules/bedrock/README.md",
        "hashed_secret": "d7ce59142681c0b78ca761858e3f8f0ea861df45",
        "is_verified": false,
        "line_number": 25
      }
    ],
    "chat-api/terraform/modules/bedrock/examples/complete/terraform.tfvars.example": [
      {
        "type": "Secret Keyword",
        "filename": "chat-api/terraform/modules/bedrock/examples/complete/terraform.tfvars.example",
        "hashed_secret": "e57af2acd7799c9107c95cbc7b609bb26a5a149b",
        "is_verified": false,
        "line_number": 6
      }
    ],
    "chat-api/terraform/modules/bedrock/main.tf": [
      {
        "type": "Secret Keyword",
        "filename": "chat-api/terraform/modules/bedrock/main.tf",
        "hashed_secret": "c3a11132151a188153ac46282de259871f44c9eb",
        "is_verified": false,
        "line_number": 55
      }
    ],
    "chat-api/terraform/modules/stripe/main.tf": [
      {
        "type": "Secret Keyword",
        "filename": "chat-api/terraform/modules/stripe/main.tf",
        "hashed_secret": "07f8fbc7aa5a5e3c96be843173af33642746e5cf",
        "is_verified": false,
        "line_number": 22
      },
      {
        "type": "Secret Keyword",
        "filename": "chat-api/terraform/modules/stripe/main.tf",
        "hashed_secret": "d6a7696822ef9534d2f8370e5bc36d8efeb23509",
        "is_verified": false,
        "line_number": 23
      }
    ],
    "docs/infrastructure/terraform.md": [
      {
        "type": "Secret Keyword",
        "filename": "docs/infrastructure/terraform.md",
        "hashed_secret": "c303df00cd0a72b21c62900b758b06fc541664ce",
        "is_verified": false,
        "line_number": 196
      },
      {
        "type": "Secret Keyword",
        "filename": "docs/infrastructure/terraform.md",
        "hashed_secret": "36842c0e89997dd559a79194d847b3c31622b36f",
        "is_verified": false,
        "line_number": 197
      }
    ],
    "docs/stripe/CANCELLATION_TESTING_GUIDE.md": [
      {
        "type": "Secret Keyword",
        "filename": "docs/stripe/CANCELLATION_TESTING_GUIDE.md",
        "hashed_secret": "b17eb15e4dd9c5ad1c462e2f3a34e2610e65f822",
        "is_verified": false,
        "line_number": 407
      }
    ],
    "docs/stripe/PHASE_A_INFRASTRUCTURE_REPORT.md": [
      {
        "type": "Secret Keyword",
        "filename": "docs/stripe/PHASE_A_INFRASTRUCTURE_REPORT.md",
        "hashed_secret": "07f8fbc7aa5a5e3c96be843173af33642746e5cf",
        "is_verified": false,
        "line_number": 64
      },
      {
        "type": "Secret Keyword",
        "filename": "docs/stripe/PHASE_A_INFRASTRUCTURE_REPORT.md",
        "hashed_secret": "d6a7696822ef9534d2f8370e5bc36d8efeb23509",
        "is_verified": false,
        "line_number": 65
      }
    ],
    "docs/stripe/STRIPE_INTEGRATION_GUIDE.md": [
      {
        "type": "Secret Keyword",
        "filename": "docs/stripe/STRIPE_INTEGRATION_GUIDE.md",
        "hashed_secret": "07f8fbc7aa5a5e3c96be843173af33642746e5cf",
        "is_verified": false,
        "line_number": 554
      },
      {
        "type": "Secret Keyword",
        "filename": "docs/stripe/STRIPE_INTEGRATION_GUIDE.md",
        "hashed_secret": "d6a7696822ef9534d2f8370e5bc36d8efeb23509",
        "is_verified": false,
        "line_number": 555
      }
    ]
  },
  "generated_at": "2026-02-05T22:37:12Z"
}
